// Jest Snapshot v1, https://goo.gl/fbAQLP

exports[`Testing Calculator page renders correctly 1`] = `
<div
  className="page-container calculator-page"
>
  <h2>
    Let's do some math!
  </h2>
  <div
    className="calculator-container"
  >
    <div
      className="display"
    >
      <div
        className="operation-hint"
      />
      <div
        className="main-display"
      >
        0
      </div>
    </div>
    <div
      className="buttons-grid"
    >
      <button
        onClick={[Function]}
        type="button"
      >
        AC
      </button>
      <button
        onClick={[Function]}
        type="button"
      >
        +/-
      </button>
      <button
        onClick={[Function]}
        type="button"
      >
        %
      </button>
      <button
        className="button-op"
        onClick={[Function]}
        type="button"
      >
        ÷
      </button>
      <button
        onClick={[Function]}
        type="button"
      >
        7
      </button>
      <button
        onClick={[Function]}
        type="button"
      >
        8
      </button>
      <button
        onClick={[Function]}
        type="button"
      >
        9
      </button>
      <button
        className="button-op"
        onClick={[Function]}
        type="button"
      >
        *
      </button>
      <button
        onClick={[Function]}
        type="button"
      >
        4
      </button>
      <button
        onClick={[Function]}
        type="button"
      >
        5
      </button>
      <button
        onClick={[Function]}
        type="button"
      >
        6
      </button>
      <button
        className="button-op"
        onClick={[Function]}
        type="button"
      >
        -
      </button>
      <button
        onClick={[Function]}
        type="button"
      >
        1
      </button>
      <button
        onClick={[Function]}
        type="button"
      >
        2
      </button>
      <button
        onClick={[Function]}
        type="button"
      >
        3
      </button>
      <button
        className="button-op"
        onClick={[Function]}
        type="button"
      >
        +
      </button>
      <button
        className="button-zero"
        onClick={[Function]}
        type="button"
      >
        0
      </button>
      <button
        onClick={[Function]}
        type="button"
      >
        .
      </button>
      <button
        className="button-op"
        onClick={[Function]}
        type="button"
      >
        =
      </button>
    </div>
  </div>
</div>
`;
